ï¿½j5
[0;32mI (36) boot: cï¿½ets Jul 29 2019 12:21:46

rst:0x1 (POWERON_RESET),boot:0x17 (SPI_FAST_FLASH_BOOT)
configsip: 0, SPIWP:0xee
clk_drv:0x00,q_drv:0x00,d_drv:0x00,cs0_drv:0x00,hd_drv:0x00,wp_drv:0x00
mode:DIO, clock div:2
load:0x3fff0030,len:7172
load:0x40078000,len:15540
load:0x40080400,len:4
ho 8 tail 4 room 4
load:0x40080404,len:3904
entry 0x40080640
[0;32mI (31) boot: ESP-IDF v5.2.2-dirty 2nd stage bootloader[0m
[0;32mI (31) boot: compile time Jul 16 2024 23:04:22[0m
[0;32mI (31) boot: Multicore bootloader[0m
[0;32mI (36) boot: chip revision: v3.0[0m
[0;32mI (40) boot.esp32: SPI Speed      : 40MHz[0m
[0;32mI (44) boot.esp32: SPI Mode       : DIO[0m
[0;32mI (49) boot.esp32: SPI Flash Size : 2MB[0m
[0;32mI (53) boot: Enabling RNG early entropy source...[0m
[0;32mI (59) boot: Partition Table:[0m
[0;32mI (62) boot: ## Label            Usage          Type ST Offset   Length[0m
[0;32mI (70) boot:  0 nvs              WiFi data        01 02 00009000 00006000[0m
[0;32mI (77) boot:  1 phy_init         RF data          01 01 0000f000 00001000[0m
[0;32mI (85) boot:  2 factory          factory app      00 00 00010000 00177000[0m
[0;32mI (92) boot: End of partition table[0m
[0;32mI (96) esp_image: segment 0: paddr=00010020 vaddr=3f400020 size=27cfch (163068) map[0m
[0;32mI (161) esp_image: segment 1: paddr=00037d24 vaddr=3ffbdb60 size=059d8h ( 23000) load[0m
[0;32mI (169) esp_image: segment 2: paddr=0003d704 vaddr=40080000 size=02914h ( 10516) load[0m
[0;32mI (174) esp_image: segment 3: paddr=00040020 vaddr=400d0020 size=bbca4h (769188) map[0m
[0;32mI (441) esp_image: segment 4: paddr=000fbccc vaddr=40082914 size=1b0c4h (110788) load[0m
[0;32mI (499) boot: Loaded app from partition at offset 0x10000[0m
[0;32mI (499) boot: Disabling RNG early entropy source...[0m
[0;32mI (511) cpu_start: Multicore app[0m
[0;32mI (520) cpu_start: Pro cpu start user code[0m
[0;32mI (520) cpu_start: cpu freq: 160000000 Hz[0m
[0;32mI (520) cpu_start: Application information:[0m
[0;32mI (523) cpu_start: Project name:     app-template[0m
[0;32mI (528) cpu_start: App version:      1[0m
[0;32mI (533) cpu_start: Compile time:     Jul 16 2024 23:04:10[0m
[0;32mI (539) cpu_start: ELF file SHA256:  1f933b94d...[0m
[0;32mI (544) cpu_start: ESP-IDF:          v5.2.2-dirty[0m
[0;32mI (550) cpu_start: Min chip rev:     v0.0[0m
[0;32mI (554) cpu_start: Max chip rev:     v3.99 [0m
[0;32mI (559) cpu_start: Chip rev:         v3.0[0m
[0;32mI (564) heap_init: Initializing. RAM available for dynamic allocation:[0m
[0;32mI (571) heap_init: At 3FFAFF10 len 000000F0 (0 KiB): DRAM[0m
[0;32mI (577) heap_init: At 3FFB6388 len 00001C78 (7 KiB): DRAM[0m
[0;32mI (583) heap_init: At 3FFB9A20 len 00004108 (16 KiB): DRAM[0m
[0;32mI (589) heap_init: At 3FFC9D38 len 000162C8 (88 KiB): DRAM[0m
[0;32mI (595) heap_init: At 3FFE0440 len 00003AE0 (14 KiB): D/IRAM[0m
[0;32mI (602) heap_init: At 3FFE4350 len 0001BCB0 (111 KiB): D/IRAM[0m
[0;32mI (608) heap_init: At 4009D9D8 len 00002628 (9 KiB): IRAM[0m
[0;32mI (616) spi_flash: detected chip: generic[0m
[0;32mI (619) spi_flash: flash io: dio[0m
[0;33mW (623) spi_flash: Detected size(4096k) larger than the size in the binary image header(2048k). Using the size in the binary image header.[0m
[0;32mI (637) coexist: coex firmware version: d96c1e51f[0m
[0;32mI (642) main_task: Started on CPU0[0m
[0;32mI (652) main_task: Calling app_main()[0m
[0;32mI (712) wifi station: ESP_WIFI_MODE_STA[0m
I (722) wifi:wifi driver task: 3ffcdcf0, prio:23, stack:6656, core=0
I (742) wifi:wifi firmware version: 3e0076f
I (742) wifi:wifi certification version: v7.0
I (742) wifi:config NVS flash: enabled
I (742) wifi:config nano formating: disabled
I (752) wifi:Init data frame dynamic rx buffer num: 32
I (752) wifi:Init static rx mgmt buffer num: 5
I (762) wifi:Init management short buffer num: 32
I (762) wifi:Init dynamic tx buffer num: 32
I (772) wifi:Init static rx buffer size: 1600
I (772) wifi:Init static rx buffer num: 10
I (772) wifi:Init dynamic rx buffer num: 32
[0;32mI (782) wifi_init: rx ba win: 6[0m
[0;32mI (782) wifi_init: tcpip mbox: 32[0m
[0;32mI (792) wifi_init: udp mbox: 6[0m
[0;32mI (792) wifi_init: tcp mbox: 6[0m
[0;32mI (792) wifi_init: tcp tx win: 5760[0m
[0;32mI (802) wifi_init: tcp rx win: 5760[0m
[0;32mI (802) wifi_init: tcp mss: 1440[0m
[0;32mI (812) wifi_init: WiFi IRAM OP enabled[0m
[0;32mI (812) wifi_init: WiFi RX IRAM OP enabled[0m
[0;32mI (822) phy_init: phy_version 4791,2c4672b,Dec 20 2023,16:06:06[0m
I (912) wifi:mode : sta (c8:f0:9e:f3:2b:38)
I (912) wifi:enable tsf
[0;32mI (912) wifi station: wifi_init_sta finished.[0m
I (972) wifi:new:<1,0>, old:<1,0>, ap:<255,255>, sta:<1,0>, prof:1
I (972) wifi:state: init -> auth (b0)
I (982) wifi:state: auth -> assoc (0)
I (982) wifi:state: assoc -> run (10)
I (1002) wifi:connected with Minh Tam 2.4 G, aid = 9, channel 1, BW20, bssid = 60:59:47:05:83:90
I (1002) wifi:security: WPA2-PSK, phy: bgn, rssi: -56
I (1002) wifi:pm start, type: 1

I (1172) wifi:AP's beacon interval = 204800 us, DTIM period = 1
[0;32mI (2012) esp_netif_handlers: sta ip: 192.168.1.247, mask: 255.255.255.0, gw: 192.168.1.1[0m
[0;32mI (2012) wifi station: got ip:192.168.1.247[0m
[0;32mI (2012) wifi station: connected to ap SSID:Minh Tam 2.4 G password:21072018[0m
[0;32mI (2022) mqttws_example: Other event id:7[0m
[0;32mI (2032) BTDM_INIT: BT controller compile version [4012cfb][0m
I (2032) wifi:<ba-add>idx:0 (ifx:0, 60:59:47:05:83:90), tid:0, ssn:2, winSize:64
[0;32mI (2042) BTDM_INIT: Bluetooth MAC: c8:f0:9e:f3:2b:3a[0m
I (2132) wifi:<ba-add>idx:1 (ifx:0, 60:59:47:05:83:90), tid:7, ssn:2, winSize:64
[0;32mI (2322) NimBLE: Failed to restore IRKs from store; status=8
[0m
[0;32mI (2332) NimBLE: GAP procedure initiated: advertise; [0m
[0;32mI (2332) NimBLE: disc_mode=2[0m
[0;32mI (2332) NimBLE:  adv_channel_map=0 own_addr_type=0 adv_filter_policy=0 adv_itvl_min=0 adv_itvl_max=0[0m
[0;32mI (2342) NimBLE: 
[0m
[0;32mI (3922) mqttws_example: MQTT_EVENT_CONNECTED[0m
4009
Temperature is -1 
Humidity is -1
Status code is -2
[0;32mI (4862) mqttws_example: MQTT_EVENT_SUBSCRIBED, TOPIC=/topic/qos0[0m
[0;32mI (4872) mqttws_example: MQTT_EVENT_SUBSCRIBED, TOPIC=/topic/qos0[0m
31455
Temperature is -1 
Humidity is -1
Status code is -2
TOPIC=home/sensor/TemperatureandHumid
DATA=-1--1-1
[0;32mI (5562) mqttws_example: MQTT_EVENT_SUBSCRIBED, TOPIC=/topic/qos0[0m
18988
Temperature is -1 
Humidity is -1
Status code is -2
TOPIC=home/sensor/TemperatureandHumid
DATA=-1--1-2
[0;32mI (6792) mqttws_example: MQTT_EVENT_SUBSCRIBED, TOPIC=/topic/qos0[0m
8601
Temperature is -1 
Humidity is -1
Status code is -2
18908
Temperature is 29 
Humidity is 69
Status code is 0
32360
Temperature is 29 
Humidity is 69
Status code is 0
59070
Temperature is -1 
Humidity is -1
Status code is -2
59691
Temperature is -1 
Humidity is -1
Status code is -2
31528
Temperature is 29 
Humidity is 69
Status code is 0
52923
Temperature is 29 
Humidity is 69
Status code is 0
TOPIC=home/sensor/TemperatureandHumid
DATA=-1--1-3
[0;32mI (13282) mqttws_example: MQTT_EVENT_SUBSCRIBED, TOPIC=/topic/qos0[0m
TOPIC=home/sensor/TemperatureandHumid
DATA=29-69-4
[0;32mI (13292) mqttws_example: MQTT_EVENT_SUBSCRIBED, TOPIC=/topic/qos0[0m
TOPIC=home/sensor/TemperatureandHumid
DATA=29-69-5
[0;32mI (13312) mqttws_example: MQTT_EVENT_SUBSCRIBED, TOPIC=/topic/qos0[0m
TOPIC=home/sensor/TemperatureandHumid
DATA=-1--1-6
[0;32mI (13322) mqttws_example: MQTT_EVENT_SUBSCRIBED, TOPIC=/topic/qos0[0m
TOPIC=home/sensor/TemperatureandHumid
DATA=-1--1-7
[0;32mI (13332) mqttws_example: MQTT_EVENT_SUBSCRIBED, TOPIC=/topic/qos0[0m
TOPIC=home/sensor/TemperatureandHumid
DATA=29-69-8
[0;32mI (13562) mqttws_example: MQTT_EVENT_SUBSCRIBED, TOPIC=/topic/qos0[0m
TOPIC=home/sensor/TemperatureandHumid
DATA=29-69-9
[0;32mI (13582) mqttws_example: MQTT_EVENT_SUBSCRIBED, TOPIC=/topic/qos0[0m
61258
Temperature is 29 
Humidity is 69
Status code is 0
TOPIC=home/sensor/TemperatureandHumid
DATA=29-69-10
[0;32mI (14782) mqttws_example: MQTT_EVENT_SUBSCRIBED, TOPIC=/topic/qos0[0m
38639
Temperature is 29 
Humidity is 69
Status code is 0
TOPIC=home/sensor/TemperatureandHumid
DATA=29-69-11
[0;32mI (15802) mqttws_example: MQTT_EVENT_SUBSCRIBED, TOPIC=/topic/qos0[0m
37356
Temperature is 29 
Humidity is 69
Status code is 0
TOPIC=home/sensor/TemperatureandHumid
DATA=29-69-12
[0;32mI (16762) mqttws_example: MQTT_EVENT_SUBSCRIBED, TOPIC=/topic/qos0[0m
42942
Temperature is 29 
Humidity is 69
Status code is 0
TOPIC=home/sensor/TemperatureandHumid
DATA=29-69-13
[0;32mI (17852) mqttws_example: MQTT_EVENT_SUBSCRIBED, TOPIC=/topic/qos0[0m
15363
Temperature is -1 
Humidity is -1
Status code is -1
TOPIC=home/sensor/TemperatureandHumid
DATA=-1--1-14
[0;32mI (18872) mqttws_example: MQTT_EVENT_SUBSCRIBED, TOPIC=/topic/qos0[0m
63739
Temperature is -1 
Humidity is -1
Status code is -1
TOPIC=home/sensor/TemperatureandHumid
DATA=-1--1-15
[0;32mI (19822) mqttws_example: MQTT_EVENT_SUBSCRIBED, TOPIC=/topic/qos0[0m
[0;32mI (20152) GAP: BLE GAP EVENT CONNECT OK![0m
23613
Temperature is -1 
Humidity is -1
Status code is -2
TOPIC=home/sensor/TemperatureandHumid
DATA=-1--1-16
[0;32mI (20922) mqttws_example: MQTT_EVENT_SUBSCRIBED, TOPIC=/topic/qos0[0m
28668
Temperature is -1 
Humidity is -1
Status code is -2
TOPIC=home/sensor/TemperatureandHumid
DATA=-1--1-17
[0;32mI (21872) mqttws_example: MQTT_EVENT_SUBSCRIBED, TOPIC=/topic/qos0[0m
58116
Temperature is -1 
Humidity is -1
Status code is -2
TOPIC=home/sensor/TemperatureandHumid
DATA=-1--1-18
[0;32mI (22902) mqttws_example: MQTT_EVENT_SUBSCRIBED, TOPIC=/topic/qos0[0m
22982
Temperature is -1 
Humidity is -1
Status code is -2
TOPIC=home/sensor/TemperatureandHumid
DATA=-1--1-19
[0;32mI (24002) mqttws_example: MQTT_EVENT_SUBSCRIBED, TOPIC=/topic/qos0[0m
49202
Temperature is 29 
Humidity is 69
Status code is 0
TOPIC=home/sensor/TemperatureandHumid
DATA=29-69-20
[0;32mI (24952) mqttws_example: MQTT_EVENT_SUBSCRIBED, TOPIC=/topic/qos0[0m
50404
Temperature is 29 
Humidity is 69
Status code is 0
TOPIC=home/sensor/TemperatureandHumid
DATA=29-69-21
[0;32mI (25972) mqttws_example: MQTT_EVENT_SUBSCRIBED, TOPIC=/topic/qos0[0m
12839
Temperature is 29 
Humidity is 69
Status code is 0
TOPIC=home/sensor/TemperatureandHumid
DATA=29-69-22
[0;32mI (27072) mqttws_example: MQTT_EVENT_SUBSCRIBED, TOPIC=/topic/qos0[0m
2908
Temperature is 29 
Humidity is 69
Status code is 0
TOPIC=home/sensor/TemperatureandHumid
DATA=29-69-23
[0;32mI (28022) mqttws_example: MQTT_EVENT_SUBSCRIBED, TOPIC=/topic/qos0[0m
51563
Temperature is 29 
Humidity is 69
Status code is 0
TOPIC=home/sensor/TemperatureandHumid
DATA=29-69-24
[0;32mI (29042) mqttws_example: MQTT_EVENT_SUBSCRIBED, TOPIC=/topic/qos0[0m
1978
Temperature is 29 
Humidity is 69
Status code is 0
TOPIC=home/sensor/TemperatureandHumid
DATA=29-69-25
[0;32mI (30142) mqttws_example: MQTT_EVENT_SUBSCRIBED, TOPIC=/topic/qos0[0m
36191
Temperature is 29 
Humidity is 69
Status code is 0
TOPIC=home/sensor/TemperatureandHumid
DATA=29-69-26
[0;32mI (31092) mqttws_example: MQTT_EVENT_SUBSCRIBED, TOPIC=/topic/qos0[0m
33687
Temperature is 29 
Humidity is 69
Status code is 0
TOPIC=home/sensor/TemperatureandHumid
DATA=29-69-27
[0;32mI (32112) mqttws_example: MQTT_EVENT_SUBSCRIBED, TOPIC=/topic/qos0[0m
18137
Temperature is -1 
Humidity is -1
Status code is -2
TOPIC=home/sensor/TemperatureandHumid
DATA=-1--1-28
[0;32mI (33212) mqttws_example: MQTT_EVENT_SUBSCRIBED, TOPIC=/topic/qos0[0m
16689
Temperature is -1 
Humidity is -1
Status code is -2
TOPIC=home/sensor/TemperatureandHumid
DATA=-1--1-29
[0;32mI (34172) mqttws_example: MQTT_EVENT_SUBSCRIBED, TOPIC=/topic/qos0[0m
12259
Temperature is 29 
Humidity is 69
Status code is 0
TOPIC=home/sensor/TemperatureandHumid
DATA=29-69-30
[0;32mI (35182) mqttws_example: MQTT_EVENT_SUBSCRIBED, TOPIC=/topic/qos0[0m
54486
Temperature is 29 
Humidity is 69
Status code is 0
TOPIC=home/sensor/TemperatureandHumid
DATA=29-69-31
[0;32mI (36292) mqttws_example: MQTT_EVENT_SUBSCRIBED, TOPIC=/topic/qos0[0m
44310
Temperature is -1 
Humidity is -1
Status code is -2
TOPIC=home/sensor/TemperatureandHumid
DATA=-1--1-32
[0;32mI (37232) mqttws_example: MQTT_EVENT_SUBSCRIBED, TOPIC=/topic/qos0[0m
15525
Temperature is -1 
Humidity is -1
Status code is -2
TOPIC=home/sensor/TemperatureandHumid
DATA=-1--1-33
[0;32mI (38122) mqttws_example: MQTT_EVENT_SUBSCRIBED, TOPIC=/topic/qos0[0m
42166
Temperature is 29 
Humidity is 69
Status code is 0
TOPIC=home/sensor/TemperatureandHumid
DATA=29-69-34
[0;32mI (39352) mqttws_example: MQTT_EVENT_SUBSCRIBED, TOPIC=/topic/qos0[0m
9931
Temperature is 29 
Humidity is 69
Status code is 0
