ï¿½+j5
[0;32mI (36) boot: chiï¿½ets Jul 29 2019 12:21:46

rst:0x1 (POWERON_RESET),boot:0x13 (SPI_FAST_FLASH_BOOT)
configsip: 0, SPIWP:0xee
clk_drv:0x00,q_drv:0x00,d_drv:0x00,cs0_drv:0x00,hd_drv:0x00,wp_drv:0x00
mode:DIO, clock div:2
load:0x3fff0030,len:7172
load:0x40078000,len:15540
load:0x40080400,len:4
ho 8 tail 4 room 4
load:0x40080404,len:3904
entry 0x40080640
[0;32mI (31) boot: ESP-IDF v5.2.2-dirty 2nd stage bootloader[0m
[0;32mI (31) boot: compile time Jul 17 2024 16:01:51[0m
[0;32mI (31) boot: Multicore bootloader[0m
[0;32mI (36) boot: chip revision: v3.0[0m
[0;32mI (40) boot.esp32: SPI Speed      : 40MHz[0m
[0;32mI (44) boot.esp32: SPI Mode       : DIO[0m
[0;32mI (49) boot.esp32: SPI Flash Size : 2MB[0m
[0;32mI (53) boot: Enabling RNG early entropy source...[0m
[0;32mI (59) boot: Partition Table:[0m
[0;32mI (62) boot: ## Label            Usage          Type ST Offset   Length[0m
[0;32mI (70) boot:  0 nvs              WiFi data        01 02 00009000 00006000[0m
[0;32mI (77) boot:  1 phy_init         RF data          01 01 0000f000 00001000[0m
[0;32mI (85) boot:  2 factory          factory app      00 00 00010000 00177000[0m
[0;32mI (92) boot: End of partition table[0m
[0;32mI (96) esp_image: segment 0: paddr=00010020 vaddr=3f400020 size=27bfch (162812) map[0m
[0;32mI (161) esp_image: segment 1: paddr=00037c24 vaddr=3ffbdb60 size=059d8h ( 23000) load[0m
[0;32mI (169) esp_image: segment 2: paddr=0003d604 vaddr=40080000 size=02a14h ( 10772) load[0m
[0;32mI (174) esp_image: segment 3: paddr=00040020 vaddr=400d0020 size=bb79ch (767900) map[0m
[0;32mI (440) esp_image: segment 4: paddr=000fb7c4 vaddr=40082a14 size=1afc4h (110532) load[0m
[0;32mI (499) boot: Loaded app from partition at offset 0x10000[0m
[0;32mI (499) boot: Disabling RNG early entropy source...[0m
[0;32mI (510) cpu_start: Multicore app[0m
[0;32mI (519) cpu_start: Pro cpu start user code[0m
[0;32mI (519) cpu_start: cpu freq: 160000000 Hz[0m
[0;32mI (519) cpu_start: Application information:[0m
[0;32mI (522) cpu_start: Project name:     app-template[0m
[0;32mI (528) cpu_start: App version:      1[0m
[0;32mI (532) cpu_start: Compile time:     Jul 17 2024 16:01:40[0m
[0;32mI (538) cpu_start: ELF file SHA256:  bd9690fa5...[0m
[0;32mI (544) cpu_start: ESP-IDF:          v5.2.2-dirty[0m
[0;32mI (549) cpu_start: Min chip rev:     v0.0[0m
[0;32mI (554) cpu_start: Max chip rev:     v3.99 [0m
[0;32mI (558) cpu_start: Chip rev:         v3.0[0m
[0;32mI (563) heap_init: Initializing. RAM available for dynamic allocation:[0m
[0;32mI (571) heap_init: At 3FFAFF10 len 000000F0 (0 KiB): DRAM[0m
[0;32mI (576) heap_init: At 3FFB6388 len 00001C78 (7 KiB): DRAM[0m
[0;32mI (583) heap_init: At 3FFB9A20 len 00004108 (16 KiB): DRAM[0m
[0;32mI (589) heap_init: At 3FFC9D38 len 000162C8 (88 KiB): DRAM[0m
[0;32mI (595) heap_init: At 3FFE0440 len 00003AE0 (14 KiB): D/IRAM[0m
[0;32mI (601) heap_init: At 3FFE4350 len 0001BCB0 (111 KiB): D/IRAM[0m
[0;32mI (608) heap_init: At 4009D9D8 len 00002628 (9 KiB): IRAM[0m
[0;32mI (615) spi_flash: detected chip: generic[0m
[0;32mI (618) spi_flash: flash io: dio[0m
[0;33mW (622) spi_flash: Detected size(4096k) larger than the size in the binary image header(2048k). Using the size in the binary image header.[0m
[0;32mI (636) coexist: coex firmware version: d96c1e51f[0m
[0;32mI (642) main_task: Started on CPU0[0m
[0;32mI (652) main_task: Calling app_main()[0m
[0;32mI (702) wifi station: ESP_WIFI_MODE_STA[0m
I (722) wifi:wifi driver task: 3ffcdcf0, prio:23, stack:6656, core=0
I (742) wifi:wifi firmware version: 3e0076f
I (742) wifi:wifi certification version: v7.0
I (742) wifi:config NVS flash: enabled
I (742) wifi:config nano formating: disabled
I (752) wifi:Init data frame dynamic rx buffer num: 32
I (752) wifi:Init static rx mgmt buffer num: 5
I (762) wifi:Init management short buffer num: 32
I (762) wifi:Init dynamic tx buffer num: 32
I (772) wifi:Init static rx buffer size: 1600
I (772) wifi:Init static rx buffer num: 10
I (772) wifi:Init dynamic rx buffer num: 32
[0;32mI (782) wifi_init: rx ba win: 6[0m
[0;32mI (782) wifi_init: tcpip mbox: 32[0m
[0;32mI (792) wifi_init: udp mbox: 6[0m
[0;32mI (792) wifi_init: tcp mbox: 6[0m
[0;32mI (792) wifi_init: tcp tx win: 5760[0m
[0;32mI (802) wifi_init: tcp rx win: 5760[0m
[0;32mI (802) wifi_init: tcp mss: 1440[0m
[0;32mI (812) wifi_init: WiFi IRAM OP enabled[0m
[0;32mI (812) wifi_init: WiFi RX IRAM OP enabled[0m
[0;32mI (822) phy_init: phy_version 4791,2c4672b,Dec 20 2023,16:06:06[0m
I (912) wifi:mode : sta (c8:f0:9e:f3:2b:38)
I (912) wifi:enable tsf
[0;32mI (912) wifi station: wifi_init_sta finished.[0m
I (932) wifi:new:<10,0>, old:<1,0>, ap:<255,255>, sta:<10,0>, prof:1
I (932) wifi:state: init -> auth (b0)
I (942) wifi:state: auth -> assoc (0)
I (942) wifi:state: assoc -> run (10)
I (972) wifi:connected with AIoT_JSC, aid = 33, channel 10, BW20, bssid = 6a:2f:d0:e6:0e:08
I (972) wifi:security: WPA2-PSK, phy: bgn, rssi: -53
I (982) wifi:pm start, type: 1

I (982) wifi:dp: 1, bi: 102400, li: 3, scale listen interval from 307200 us to 307200 us
I (992) wifi:<ba-add>idx:0 (ifx:0, 6a:2f:d0:e6:0e:08), tid:6, ssn:1, winSize:64
I (1022) wifi:AP's beacon interval = 102400 us, DTIM period = 1
[0;32mI (1992) esp_netif_handlers: sta ip: 192.168.0.177, mask: 255.255.255.0, gw: 192.168.0.1[0m
[0;32mI (1992) wifi station: got ip:192.168.0.177[0m
[0;32mI (1992) wifi station: connected to ap SSID:AIoT_JSC password:aiot1234@[0m
[0;32mI (2002) mqttws_example: Other event id:7[0m
I (2012) wifi:<ba-add>idx:1 (ifx:0, 6a:2f:d0:e6:0e:08), tid:0, ssn:1, winSize:64
[0;32mI (2012) BTDM_INIT: BT controller compile version [4012cfb][0m
[0;32mI (2022) BTDM_INIT: Bluetooth MAC: c8:f0:9e:f3:2b:3a[0m
[0;32mI (2312) NimBLE: Failed to restore IRKs from store; status=8
[0m
[0;32mI (2322) NimBLE: GAP procedure initiated: advertise; [0m
[0;32mI (2322) NimBLE: disc_mode=2[0m
[0;32mI (2322) NimBLE:  adv_channel_map=0 own_addr_type=0 adv_filter_policy=0 adv_itvl_min=0 adv_itvl_max=0[0m
[0;32mI (2332) NimBLE: 
[0m
[0;32mI (3292) mqttws_example: MQTT_EVENT_CONNECTED[0m
[0;32mI (3892) mqttws_example: MQTT_EVENT_SUBSCRIBED, TOPIC=/topic/qos0[0m
[0;32mI (11302) GAP: BLE GAP EVENT CONNECT OK![0m
ON
(
LIGHT ON
OFF(
LIGHT OFF
LIGHT ON
Data from the client: LIGHT ON
